Microchip MPLAB XC8 Compiler V2.32

Linker command line:

-W-3 --edf=C:\Program Files\Microchip\xc8\v2.32\pic\dat\en_msgs.txt \
  -pivt0x8=08h -cn \
  -h+dist/default/production\mama_board_code.X.production.sym \
  --cmf=dist/default/production\mama_board_code.X.production.cmf -z \
  -Q18F26K83 -oC:\Users\lanam\AppData\Local\Temp\xcAsgbc.4 \
  --defsym=__MPLAB_BUILD=1 \
  -Mdist/default/production/mama_board_code.X.production.map -E1 \
  -ver=XC8 Compiler --acfsm=1493 -ASTACK=0164h-0FFFh -pstack=STACK \
  -ACODE=00h-0FFFFh -ACONST=00h-0FFFFh -ASMALLCONST=01000h-010FFhx240 \
  -AMEDIUMCONST=01000h-0FFFFh -ACOMRAM=01h-05Fh -AABS1=00h-0FFFh \
  -ABIGRAM=01h-0FFFh -ARAM=060h-0FFh,0100h-01FFhx15 -ABANK0=060h-0FFh \
  -ABANK1=0100h-01FFh -ABANK2=0200h-02FFh -ABANK3=0300h-03FFh \
  -ABANK4=0400h-04FFh -ABANK5=0500h-05FFh -ABANK6=0600h-06FFh \
  -ABANK7=0700h-07FFh -ABANK8=0800h-08FFh -ABANK9=0900h-09FFh \
  -ABANK10=0A00h-0AFFh -ABANK11=0B00h-0BFFh -ABANK12=0C00h-0CFFh \
  -ABANK13=0D00h-0DFFh -ABANK14=0E00h-0EFFh -ABANK15=0F00h-0FFFh \
  -ASFR=03700h-037FFhx8,03F00h-03F5Fh,03F60h-03FFFh \
  -ACONFIG=0300000h-0300009h -AIDLOC=0200000h-020000Fh \
  -AEEDATA=0310000h-03103FFh -peeprom_data=EEDATA -preset_vec=00h \
  -ppowerup=CODE,init -pramtop=01000h -psmallconst=SMALLCONST \
  -pmediumconst=MEDIUMCONST -pconst=CONST -AFARRAM=00h-00h \
  -prdata=COMRAM,nvrram=COMRAM,nvbit=COMRAM,rbss=COMRAM,rbit=COMRAM \
  -pfarbss=FARRAM,fardata=FARRAM,nvFARRAM=FARRAM \
  -pintsave_regs=BIGRAM,bigbss=BIGRAM,bigdata=BIGRAM -pbss=RAM \
  -pidata=CODE,irdata=CODE,ibigdata=CODE,ifardata=CODE -prparam=COMRAM \
  C:\Users\lanam\AppData\Local\Temp\xcAsgbc.o \
  dist/default/production\mama_board_code.X.production.o 

Object code version is 3.11

Machine type is 18F26K83



                Name                               Link     Load   Length Selector   Space Scale
C:\Users\lanam\AppData\Local\Temp\xcAsgbc.o
                idloc                            200000   200000       10        0       5
                config                           300000   300000        A        0       4
                init                                 1A       1A        4        4       0
                reset_vec                             0        0        4        0       0
dist/default/production\mama_board_code.X.production.o
                idloc                            200000   200000       10        0       5
                config                           300000   300000        A        0       4
                ivt0x8                                8        8       12        4       0
                text36                             11B4     11B4       2A        4       0
                text35                              FF4      FF4       44        4       0
                text34                             1264     1264       12        4       0
                text33                              A8C      A8C       BE        4       0
                text32                              F9A      F9A       5A        4       0
                text31                              2C6      2C6      1D4        4       0
                text30                              F3E      F3E       5C        4       0
                text29                             11DE     11DE       26        4       0
                text28                              E16      E16       6E        4       0
                text27                             1290     1290        4        4       0
                text26                             128C     128C        4        4       0
                text25                             1288     1288        4        4       0
                text24                             1284     1284        4        4       0
                text23                             115A     115A       2E        4       0
                text22                             10E8     10E8       3A        4       0
                text21                              BFC      BFC       92        4       0
                text20                               1E       1E      2A8        4       0
                text19                              630      630      17A        4       0
                text18                             1276     1276        E        4       0
                text17                             1252     1252       12        4       0
                text16                             1222     1222       1A        4       0
                text15                             1204     1204       1E        4       0
                text14                             1188     1188       2C        4       0
                text13                              E84      E84       5E        4       0
                text12                              EE2      EE2       5C        4       0
                text11                              B4A      B4A       B2        4       0
                text10                              9A4      9A4       E8        4       0
                text9                              10AE     10AE       3A        4       0
                text8                               7AA      7AA      112        4       0
                text7                              123C     123C       16        4       0
                text6                              1038     1038       3C        4       0
                text5                               8BC      8BC       E8        4       0
                text4                               D18      D18       88        4       0
                text3                               DA0      DA0       76        4       0
                text2                               C8E      C8E       8A        4       0
                text1                              1122     1122       38        4       0
                text0                               49A      49A      196        4       0
                cstackCOMRAM                          1        1       25        1       1
                cstackBANK0                          60       60       45       60       1
                bssBANK1                            100      100       64      100       1
                bssBANK0                             A5       A5        F       60       1
                bssCOMRAM                            26       26       16        1       1
                cinit                              1074     1074       3A        4       0

TOTAL           Name                               Link     Load   Length     Space
        CLASS   STACK          

        CLASS   CODE           
                init                                 1A       1A        4         0
                reset_vec                             0        0        4         0
                ivt0x8                                8        8       12         0
                text36                             11B4     11B4       2A         0
                text35                              FF4      FF4       44         0
                text34                             1264     1264       12         0
                text33                              A8C      A8C       BE         0
                text32                              F9A      F9A       5A         0
                text31                              2C6      2C6      1D4         0
                text30                              F3E      F3E       5C         0
                text29                             11DE     11DE       26         0
                text28                              E16      E16       6E         0
                text27                             1290     1290        4         0
                text26                             128C     128C        4         0
                text25                             1288     1288        4         0
                text24                             1284     1284        4         0
                text23                             115A     115A       2E         0
                text22                             10E8     10E8       3A         0
                text21                              BFC      BFC       92         0
                text20                               1E       1E      2A8         0
                text19                              630      630      17A         0
                text18                             1276     1276        E         0
                text17                             1252     1252       12         0
                text16                             1222     1222       1A         0
                text15                             1204     1204       1E         0
                text14                             1188     1188       2C         0
                text13                              E84      E84       5E         0
                text12                              EE2      EE2       5C         0
                text11                              B4A      B4A       B2         0
                text10                              9A4      9A4       E8         0
                text9                              10AE     10AE       3A         0
                text8                               7AA      7AA      112         0
                text7                              123C     123C       16         0
                text6                              1038     1038       3C         0
                text5                               8BC      8BC       E8         0
                text4                               D18      D18       88         0
                text3                               DA0      DA0       76         0
                text2                               C8E      C8E       8A         0
                text1                              1122     1122       38         0
                text0                               49A      49A      196         0
                cinit                              1074     1074       3A         0

        CLASS   CONST          

        CLASS   SMALLCONST     

        CLASS   MEDIUMCONST    

        CLASS   COMRAM         
                cstackCOMRAM                          1        1       25         1
                bssCOMRAM                            26       26       16         1

        CLASS   ABS1           

        CLASS   BIGRAM         

        CLASS   RAM            

        CLASS   BANK0          
                cstackBANK0                          60       60       45         1
                bssBANK0                             A5       A5        F         1

        CLASS   BANK1          
                bssBANK1                            100      100       64         1

        CLASS   BANK2          

        CLASS   BANK3          

        CLASS   BANK4          

        CLASS   BANK5          

        CLASS   BANK6          

        CLASS   BANK7          

        CLASS   BANK8          

        CLASS   BANK9          

        CLASS   BANK10         

        CLASS   BANK11         

        CLASS   BANK12         

        CLASS   BANK13         

        CLASS   BANK14         

        CLASS   BANK15         

        CLASS   SFR            

        CLASS   CONFIG         
                config                           300000   300000        A         4

        CLASS   IDLOC          
                idloc                            200000   200000       10         5

        CLASS   EEDATA         

        CLASS   FARRAM         



SEGMENTS        Name                           Load    Length   Top    Selector   Space  Class

                reset_vec                      000000  000004  000004         0       0  CODE    
                cstackCOMRAM                   000001  00003B  00003C         1       1  COMRAM  
                ivt0x8                         000008  00128C  001294         4       0  CODE    
                cstackBANK0                    000060  000054  0000B4        60       1  BANK0   
                bssBANK1                       000100  000064  000164       100       1  BANK1   


UNUSED ADDRESS RANGES

        Name                Unused          Largest block    Delta
        BANK0            0000B4-0000FF               4C
        BANK1            000164-0001FF               9C
        BANK10           000A00-000AFF              100
        BANK11           000B00-000BFF              100
        BANK12           000C00-000CFF              100
        BANK13           000D00-000DFF              100
        BANK14           000E00-000EFF              100
        BANK15           000F00-000FFF              100
        BANK2            000200-0002FF              100
        BANK3            000300-0003FF              100
        BANK4            000400-0004FF              100
        BANK5            000500-0005FF              100
        BANK6            000600-0006FF              100
        BANK7            000700-0007FF              100
        BANK8            000800-0008FF              100
        BANK9            000900-0009FF              100
        BIGRAM           00003C-00005F               24
                         0000B4-0000FF               4C
                         000164-000FFF              E9C
        CODE             000004-000007                4
                         001294-00FFFF             ED6C
        COMRAM           00003C-00005F               24
        CONST            000004-000007                4
                         001294-00FFFF             ED6C
        EEDATA           310000-3103FF              400
        MEDIUMCONST      001294-00FFFF             ED6C
        RAM              0000B4-0000FF               4C
                         000164-000FFF              100
        SFR              003700-003FFF              100
        SMALLCONST       001294-00FFFF              100
        STACK            000164-000FFF              E9C

                                  Symbol Table

?___lwdiv                                cstackBANK0  000060
?___wmul                                 cstackBANK0  000060
?_get_message_type                       cstackCOMRAM 000001
?_get_offset_bytes                       cstackBANK0  000066
?_millis                                 cstackBANK0  000060
?i2_millis                               cstackCOMRAM 000001
IVTBASEH                                 (abs)        003FD6
IVTBASEL                                 (abs)        003FD5
IVTBASEU                                 (abs)        003FD7
_ADCON0bits                              (abs)        003EF8
_ADPCH                                   (abs)        003EF1
_ADREFbits                               (abs)        003EFD
_ADRESH                                  (abs)        003EF0
_ADRESL                                  (abs)        003EEF
_ANSELAbits                              (abs)        003A40
_ANSELBbits                              (abs)        003A50
_ANSELC1                                 (abs)        01D301
_ANSELCbits                              (abs)        003A60
_BLUE_LED_OFF                            text27       001290
_BLUE_LED_ON                             text26       00128C
_BRGCON1bits                             (abs)        003703
_BRGCON2bits                             (abs)        003704
_BRGCON3bits                             (abs)        003705
_CANCONbits                              (abs)        003F8F
_CANRXPPS                                (abs)        003AED
_CANSTATbits                             (abs)        003F8E
_CIOCONbits                              (abs)        003700
_COMSTATbits                             (abs)        003F90
_ECANCONbits                             (abs)        003F91
_INTCON0bits                             (abs)        003FD2
_IOCAFbits                               (abs)        003A47
_IOCAPbits                               (abs)        003A45
_LATB2                                   (abs)        01FDDA
_LATB3                                   (abs)        01FDDB
_LATB4                                   (abs)        01FDDC
_PIE0bits                                (abs)        003990
_PIE3bits                                (abs)        003993
_PIE5bits                                (abs)        003995
_PIR3bits                                (abs)        0039A3
_PIR5                                    (abs)        0039A5
_PIR5bits                                (abs)        0039A5
_RC0PPS                                  (abs)        003A10
_RXB0CONbits                             (abs)        003F80
_RXB0D0                                  (abs)        003F86
_RXB0DLCbits                             (abs)        003F85
_RXB0SIDH                                (abs)        003F81
_RXB0SIDL                                (abs)        003F82
_RXB1CONbits                             (abs)        0037F0
_RXB1D0                                  (abs)        0037F6
_RXB1DLCbits                             (abs)        0037F5
_RXB1SIDH                                (abs)        0037F1
_RXB1SIDL                                (abs)        0037F2
_RXM0SIDH                                (abs)        0037B8
_RXM0SIDL                                (abs)        0037B9
_RXM1SIDH                                (abs)        0037BC
_RXM1SIDL                                (abs)        0037BD
_T0CON0bits                              (abs)        003FB8
_T0CON1bits                              (abs)        003FB9
_TRISAbits                               (abs)        003FC2
_TRISB2                                  (abs)        01FE1A
_TRISB3                                  (abs)        01FE1B
_TRISB4                                  (abs)        01FE1C
_TRISBbits                               (abs)        003FC3
_TRISC0                                  (abs)        01FE20
_TRISC1                                  (abs)        01FE21
_TRISCbits                               (abs)        003FC4
_TXB0CONbits                             (abs)        0037E0
_TXB0D0                                  (abs)        0037E6
_TXB0DLCbits                             (abs)        0037E5
_TXB0SIDH                                (abs)        0037E1
_TXB0SIDL                                (abs)        0037E2
_WHITE_LED_OFF                           text25       001288
_WHITE_LED_ON                            text24       001284
__HRAM                                   (abs)        000000
__Habs1                                  abs1         000000
__Hbank0                                 bank0        000000
__Hbank1                                 bank1        000000
__Hbank10                                bank10       000000
__Hbank11                                bank11       000000
__Hbank12                                bank12       000000
__Hbank13                                bank13       000000
__Hbank14                                bank14       000000
__Hbank15                                bank15       000000
__Hbank2                                 bank2        000000
__Hbank3                                 bank3        000000
__Hbank4                                 bank4        000000
__Hbank5                                 bank5        000000
__Hbank6                                 bank6        000000
__Hbank7                                 bank7        000000
__Hbank8                                 bank8        000000
__Hbank9                                 bank9        000000
__Hbigbss                                bigbss       000000
__Hbigdata                               bigdata      000000
__Hbigram                                bigram       000000
__Hbss                                   bss          000000
__HbssBANK0                              bssBANK0     000000
__HbssBANK1                              bssBANK1     000000
__HbssCOMRAM                             bssCOMRAM    000000
__Hcinit                                 cinit        000000
__Hclrtext                               clrtext      000000
__Hcomram                                comram       000000
__Hconfig                                config       30000A
__Hconst                                 const        000000
__HcstackBANK0                           cstackBANK0  000000
__HcstackCOMRAM                          cstackCOMRAM 000000
__Hdata                                  data         000000
__Heeprom_data                           eeprom_data  000000
__Hfarbss                                farbss       000000
__Hfardata                               fardata      000000
__Hibigdata                              ibigdata     000000
__Hidata                                 idata        000000
__Hidloc                                 idloc        200010
__Hifardata                              ifardata     000000
__Hinit                                  init         00001E
__Hintsave_regs                          intsave_regs 000000
__Hirdata                                irdata       000000
__Hivt0x8                                ivt0x8       00001A
__Hmediumconst                           mediumconst  000000
__HnvFARRAM                              nvFARRAM     000000
__Hnvbit                                 nvbit        000000
__Hnvrram                                nvrram       000000
__Hparam                                 rparam       000000
__Hpowerup                               powerup      000000
__Hram                                   ram          000000
__Hramtop                                ramtop       001000
__Hrbit                                  rbit         000000
__Hrbss                                  rbss         000000
__Hrdata                                 rdata        000000
__Hreset_vec                             reset_vec    000004
__Hrparam                                rparam       000000
__Hsfr                                   sfr          000000
__Hsmallconst                            smallconst   000000
__Hspace_0                               (abs)        001294
__Hspace_1                               (abs)        000164
__Hspace_2                               (abs)        000000
__Hspace_4                               (abs)        60000A
__Hstack                                 stack        000000
__Hstruct                                struct       000000
__Htemp                                  temp         000000
__Htext                                  text         000000
__Htext0                                 text0        000000
__Htext1                                 text1        000000
__Htext10                                text10       000000
__Htext11                                text11       000000
__Htext12                                text12       000000
__Htext13                                text13       000000
__Htext14                                text14       000000
__Htext15                                text15       000000
__Htext16                                text16       000000
__Htext17                                text17       000000
__Htext18                                text18       000000
__Htext19                                text19       000000
__Htext2                                 text2        000000
__Htext20                                text20       000000
__Htext21                                text21       000000
__Htext22                                text22       000000
__Htext23                                text23       000000
__Htext24                                text24       000000
__Htext25                                text25       000000
__Htext26                                text26       000000
__Htext27                                text27       000000
__Htext28                                text28       000000
__Htext29                                text29       000000
__Htext3                                 text3        000000
__Htext30                                text30       000000
__Htext31                                text31       000000
__Htext32                                text32       000000
__Htext33                                text33       000000
__Htext34                                text34       000000
__Htext35                                text35       000000
__Htext36                                text36       000000
__Htext37                                text37       000000
__Htext4                                 text4        000000
__Htext5                                 text5        000000
__Htext6                                 text6        000000
__Htext7                                 text7        000000
__Htext8                                 text8        000000
__Htext9                                 text9        000000
__LRAM                                   (abs)        000001
__Labs1                                  abs1         000000
__Lbank0                                 bank0        000000
__Lbank1                                 bank1        000000
__Lbank10                                bank10       000000
__Lbank11                                bank11       000000
__Lbank12                                bank12       000000
__Lbank13                                bank13       000000
__Lbank14                                bank14       000000
__Lbank15                                bank15       000000
__Lbank2                                 bank2        000000
__Lbank3                                 bank3        000000
__Lbank4                                 bank4        000000
__Lbank5                                 bank5        000000
__Lbank6                                 bank6        000000
__Lbank7                                 bank7        000000
__Lbank8                                 bank8        000000
__Lbank9                                 bank9        000000
__Lbigbss                                bigbss       000000
__Lbigdata                               bigdata      000000
__Lbigram                                bigram       000000
__Lbss                                   bss          000000
__LbssBANK0                              bssBANK0     000000
__LbssBANK1                              bssBANK1     000000
__LbssCOMRAM                             bssCOMRAM    000000
__Lcinit                                 cinit        000000
__Lclrtext                               clrtext      000000
__Lcomram                                comram       000000
__Lconfig                                config       000000
__Lconst                                 const        000000
__LcstackBANK0                           cstackBANK0  000000
__LcstackCOMRAM                          cstackCOMRAM 000000
__Ldata                                  data         000000
__Leeprom_data                           eeprom_data  000000
__Lfarbss                                farbss       000000
__Lfardata                               fardata      000000
__Libigdata                              ibigdata     000000
__Lidata                                 idata        000000
__Lidloc                                 idloc        000000
__Lifardata                              ifardata     000000
__Linit                                  init         00001A
__Lintsave_regs                          intsave_regs 000000
__Lirdata                                irdata       000000
__Livt0x8                                ivt0x8       000008
__Lmediumconst                           mediumconst  000000
__LnvFARRAM                              nvFARRAM     000000
__Lnvbit                                 nvbit        000000
__Lnvrram                                nvrram       000000
__Lparam                                 rparam       000000
__Lpowerup                               powerup      000000
__Lram                                   ram          000000
__Lramtop                                ramtop       001000
__Lrbit                                  rbit         000000
__Lrbss                                  rbss         000000
__Lrdata                                 rdata        000000
__Lreset_vec                             reset_vec    000000
__Lrparam                                rparam       000000
__Lsfr                                   sfr          000000
__Lsmallconst                            smallconst   000000
__Lspace_0                               (abs)        000000
__Lspace_1                               (abs)        000000
__Lspace_2                               (abs)        000000
__Lspace_4                               (abs)        000000
__Lstack                                 stack        000000
__Lstruct                                struct       000000
__Ltemp                                  temp         000000
__Ltext                                  text         000000
__Ltext0                                 text0        000000
__Ltext1                                 text1        000000
__Ltext10                                text10       000000
__Ltext11                                text11       000000
__Ltext12                                text12       000000
__Ltext13                                text13       000000
__Ltext14                                text14       000000
__Ltext15                                text15       000000
__Ltext16                                text16       000000
__Ltext17                                text17       000000
__Ltext18                                text18       000000
__Ltext19                                text19       000000
__Ltext2                                 text2        000000
__Ltext20                                text20       000000
__Ltext21                                text21       000000
__Ltext22                                text22       000000
__Ltext23                                text23       000000
__Ltext24                                text24       000000
__Ltext25                                text25       000000
__Ltext26                                text26       000000
__Ltext27                                text27       000000
__Ltext28                                text28       000000
__Ltext29                                text29       000000
__Ltext3                                 text3        000000
__Ltext30                                text30       000000
__Ltext31                                text31       000000
__Ltext32                                text32       000000
__Ltext33                                text33       000000
__Ltext34                                text34       000000
__Ltext35                                text35       000000
__Ltext36                                text36       000000
__Ltext37                                text37       000000
__Ltext4                                 text4        000000
__Ltext5                                 text5        000000
__Ltext6                                 text6        000000
__Ltext7                                 text7        000000
__Ltext8                                 text8        000000
__Ltext9                                 text9        000000
__S0                                     (abs)        001294
__S1                                     (abs)        000164
__S2                                     (abs)        000000
__S4                                     (abs)        000000
__S5                                     (abs)        000000
___inthi_sp                              stack        000000
___intlo_sp                              stack        000000
___lwdiv                                 text3        000DA0
___lwdiv@counter                         cstackBANK0  000064
___lwdiv@dividend                        cstackBANK0  000060
___lwdiv@divisor                         cstackBANK0  000062
___lwdiv@quotient                        cstackBANK0  000065
___param_bank                            (abs)        000000
___rparam_used                           (abs)        000001
___sp                                    stack        000000
___wmul                                  text14       001188
___wmul@multiplicand                     cstackBANK0  000062
___wmul@multiplier                       cstackBANK0  000060
___wmul@product                          cstackBANK0  000064
__accesstop                              (abs)        000060
__activetblptr                           (abs)        000002
__end_of_BLUE_LED_OFF                    text27       001294
__end_of_BLUE_LED_ON                     text26       001290
__end_of_WHITE_LED_OFF                   text25       00128C
__end_of_WHITE_LED_ON                    text24       001288
__end_of___lwdiv                         text3        000E16
__end_of___wmul                          text14       0011B4
__end_of__initialization                 cinit        0010A4
__end_of_adc_init                        text23       001188
__end_of_build_radi_info_msg             text21       000C8E
__end_of_can_generate_timing_params      text20       0002C6
__end_of_can_handle_interrupt            text31       00049A
__end_of_can_init                        text19       0007AA
__end_of_can_msg_handler                 text33       000B4A
__end_of_can_send                        text8        0008BC
__end_of_can_send_rdy                    text7        001252
__end_of_get_board_unique_id             text36       0011DE
__end_of_get_message_type                text35       001038
__end_of_get_offset_bytes                text13       000EE2
__end_of_interrupt_handler               text28       000E84
__end_of_led_init                        text18       001284
__end_of_main                            text0        000630
__end_of_memcpy                          text12       000F3E
__end_of_millis                          text17       001264
__end_of_pin_interrupt_handler           text30       000F9A
__end_of_pin_interrupt_init              text16       00123C
__end_of_srb_init                        text2        000D18
__end_of_srb_is_empty                    text6        001074
__end_of_srb_is_full                     text11       000BFC
__end_of_srb_pop                         text5        0009A4
__end_of_srb_push                        text10       000A8C
__end_of_timer0_handle_interrupt         text29       001204
__end_of_timer0_init                     text15       001222
__end_of_txb_enqueue                     text9        0010E8
__end_of_txb_heartbeat                   text4        000DA0
__end_of_txb_init                        text1        00115A
__end_of_write_timestamp_3bytes          text22       001122
__end_ofi2_memcpy                        text32       000FF4
__end_ofi2_millis                        text34       001276
__initialization                         cinit        001074
__mediumconst                            mediumconst  000000
__pbssBANK0                              bssBANK0     0000A5
__pbssBANK1                              bssBANK1     000100
__pbssCOMRAM                             bssCOMRAM    000026
__pcinit                                 cinit        001074
__pcstackBANK0                           cstackBANK0  000060
__pcstackCOMRAM                          cstackCOMRAM 000001
__pivt0x8                                ivt0x8       000008
__ptext0                                 text0        00049A
__ptext1                                 text1        001122
__ptext10                                text10       0009A4
__ptext11                                text11       000B4A
__ptext12                                text12       000EE2
__ptext13                                text13       000E84
__ptext14                                text14       001188
__ptext15                                text15       001204
__ptext16                                text16       001222
__ptext17                                text17       001252
__ptext18                                text18       001276
__ptext19                                text19       000630
__ptext2                                 text2        000C8E
__ptext20                                text20       00001E
__ptext21                                text21       000BFC
__ptext22                                text22       0010E8
__ptext23                                text23       00115A
__ptext24                                text24       001284
__ptext25                                text25       001288
__ptext26                                text26       00128C
__ptext27                                text27       001290
__ptext28                                text28       000E16
__ptext29                                text29       0011DE
__ptext3                                 text3        000DA0
__ptext30                                text30       000F3E
__ptext31                                text31       0002C6
__ptext32                                text32       000F9A
__ptext33                                text33       000A8C
__ptext34                                text34       001264
__ptext35                                text35       000FF4
__ptext36                                text36       0011B4
__ptext37                                text37       000000
__ptext4                                 text4        000D18
__ptext5                                 text5        0008BC
__ptext6                                 text6        001038
__ptext7                                 text7        00123C
__ptext8                                 text8        0007AA
__ptext9                                 text9        0010AE
__ramtop                                 ramtop       001000
__size_of_BLUE_LED_OFF                   (abs)        000000
__size_of_BLUE_LED_ON                    (abs)        000000
__size_of_WHITE_LED_OFF                  (abs)        000000
__size_of_WHITE_LED_ON                   (abs)        000000
__size_of___lwdiv                        (abs)        000000
__size_of___wmul                         (abs)        000000
__size_of_adc_init                       (abs)        000000
__size_of_build_radi_info_msg            (abs)        000000
__size_of_can_generate_timing_params     (abs)        000000
__size_of_can_handle_interrupt           (abs)        000000
__size_of_can_init                       (abs)        000000
__size_of_can_msg_handler                (abs)        000000
__size_of_can_send                       (abs)        000000
__size_of_can_send_rdy                   (abs)        000000
__size_of_get_board_unique_id            (abs)        000000
__size_of_get_message_type               (abs)        000000
__size_of_get_offset_bytes               (abs)        000000
__size_of_interrupt_handler              (abs)        000000
__size_of_led_init                       (abs)        000000
__size_of_main                           (abs)        000000
__size_of_memcpy                         (abs)        000000
__size_of_millis                         (abs)        000000
__size_of_pin_interrupt_handler          (abs)        000000
__size_of_pin_interrupt_init             (abs)        000000
__size_of_srb_init                       (abs)        000000
__size_of_srb_is_empty                   (abs)        000000
__size_of_srb_is_full                    (abs)        000000
__size_of_srb_pop                        (abs)        000000
__size_of_srb_push                       (abs)        000000
__size_of_timer0_handle_interrupt        (abs)        000000
__size_of_timer0_init                    (abs)        000000
__size_of_txb_enqueue                    (abs)        000000
__size_of_txb_heartbeat                  (abs)        000000
__size_of_txb_init                       (abs)        000000
__size_of_write_timestamp_3bytes         (abs)        000000
__size_ofi2_memcpy                       (abs)        000000
__size_ofi2_millis                       (abs)        000000
__smallconst                             smallconst   000000
_adc_init                                text23       00115A
_buf                                     bssCOMRAM    000032
_buf@can_tx_buffer$F533                  bssBANK0     0000AA
_build_radi_info_msg                     text21       000BFC
_can_generate_timing_params              text20       00001E
_can_handle_interrupt                    text31       0002C6
_can_init                                text19       000630
_can_msg_handler                         text33       000A8C
_can_rcv_cb                              bssCOMRAM    00002E
_can_send                                text8        0007AA
_can_send_rdy                            text7        00123C
_ctx                                     bssBANK0     0000A5
_get_board_unique_id                     text36       0011B4
_get_message_type                        text35       000FF4
_get_offset_bytes                        text13       000E84
_interrupt_handler                       text28       000E16
_last_can_traffic_timestamp_ms           bssCOMRAM    000026
_led_init                                text18       001276
_main                                    text0        00049A
_memcpy                                  text12       000EE2
_millis                                  text17       001252
_millis_counter                          bssCOMRAM    00002A
_overflow_flag                           bssCOMRAM    000031
_pin_interrupt_handler                   text30       000F3E
_pin_interrupt_init                      text16       001222
_sensor_identifier                       bssBANK0     0000A9
_srb_init                                text2        000C8E
_srb_is_empty                            text6        001038
_srb_is_full                             text11       000B4A
_srb_pop                                 text5        0008BC
_srb_push                                text10       0009A4
_timer0_handle_interrupt                 text29       0011DE
_timer0_init                             text15       001204
_tx_pool                                 bssBANK1     000100
_txb_enqueue                             text9        0010AE
_txb_heartbeat                           text4        000D18
_txb_init                                text1        001122
_write_timestamp_3bytes                  text22       0010E8
build_radi_info_msg@adc_value            cstackBANK0  00006B
build_radi_info_msg@output               cstackBANK0  00006D
build_radi_info_msg@sensor_identifier    cstackBANK0  00006A
build_radi_info_msg@timestamp            cstackBANK0  000066
can_generate_timing_params@can_frequency cstackBANK0  000060
can_generate_timing_params@timing        cstackBANK0  000064
can_handle_interrupt@rcvd_msg            cstackCOMRAM 000010
can_handle_interrupt@rcvd_msg_1373       cstackCOMRAM 00001B
can_init@receive_callback                cstackBANK0  000062
can_init@timing                          cstackBANK0  000060
can_msg_handler@msg                      cstackCOMRAM 000005
can_msg_handler@msg_type                 cstackCOMRAM 000009
can_send@message                         cstackBANK0  00006B
end_of_initialization                    cinit        0010A4
get_board_unique_id@msg                  cstackCOMRAM 000001
get_message_type@msg                     cstackCOMRAM 000001
get_offset_bytes@ctx                     cstackBANK0  000066
get_offset_bytes@index                   cstackBANK0  000068
i2_memcpy                                text32       000F9A
i2_millis                                text34       001264
i2memcpy@d                               cstackCOMRAM 000007
i2memcpy@d1                              cstackCOMRAM 000001
i2memcpy@n                               cstackCOMRAM 000005
i2memcpy@s                               cstackCOMRAM 000009
i2memcpy@s1                              cstackCOMRAM 000003
i2memcpy@tmp                             cstackCOMRAM 00000B
intlevel0                                text         000000
intlevel1                                text         000000
intlevel2                                text         000000
intlevel3                                text         000000
isa$std                                  (abs)        000001
isa$xinst                                (abs)        000000
ivt0x8_base                              ivt0x8       000008
main@adc_res                             cstackBANK0  00008A
main@can_setup                           cstackBANK0  00009E
main@last_millis                         cstackBANK0  00008C
main@led_heartbeat                       cstackBANK0  000092
main@radiation_msg                       cstackBANK0  000093
main@result_high                         cstackBANK0  000090
main@result_low                          cstackBANK0  000091
memcpy@d                                 cstackBANK0  000067
memcpy@d1                                cstackBANK0  000060
memcpy@n                                 cstackBANK0  000064
memcpy@s                                 cstackBANK0  000069
memcpy@s1                                cstackBANK0  000062
memcpy@tmp                               cstackBANK0  000066
srb_init@ctx                             cstackBANK0  000067
srb_init@element_size                    cstackBANK0  00006D
srb_init@pool                            cstackBANK0  000069
srb_init@pool_size                       cstackBANK0  00006B
srb_is_empty@ctx                         cstackBANK0  000060
srb_is_full@ctx                          cstackBANK0  000060
srb_pop@ctx                              cstackBANK0  00006C
srb_pop@element                          cstackBANK0  00006E
srb_pop@offset                           cstackBANK0  000074
srb_push@ctx                             cstackBANK0  00006C
srb_push@element                         cstackBANK0  00006E
srb_push@offset                          cstackBANK0  000074
stackhi                                  (abs)        000FFF
stacklo                                  (abs)        000164
start                                    init         00001A
start_initialization                     cinit        001074
timer0_handle_interrupt@internal_count   bssCOMRAM    000030
txb_enqueue@msg                          cstackBANK0  000076
txb_heartbeat@msg_sent                   cstackBANK0  000076
txb_init@can_send_fp                     cstackBANK0  000073
txb_init@can_tx_ready                    cstackBANK0  000075
txb_init@pool                            cstackBANK0  00006F
txb_init@pool_size                       cstackBANK0  000071
write_timestamp_3bytes@output            cstackBANK0  000064
write_timestamp_3bytes@timestamp         cstackBANK0  000060


MODULE INFORMATION

Module		Function		Class		Link	Load	Size
canlib/pic18f26k83/pic18f26k83_can.c
		_can_init      		CODE           	0630	0000	378
		_can_send      		CODE           	07AA	0000	274
		_can_send_rdy  		CODE           	123C	0000	22
		_can_handle_interrupt		CODE           	02C6	0000	468

canlib/pic18f26k83/pic18f26k83_can.c estimated size: 1142

mama.c
		_led_init      		CODE           	1276	0000	14
		_WHITE_LED_ON  		CODE           	1284	0000	4
		_WHITE_LED_OFF 		CODE           	1288	0000	4
		_BLUE_LED_ON   		CODE           	128C	0000	4
		_BLUE_LED_OFF  		CODE           	1290	0000	4

mama.c estimated size: 30

canlib/util/can_tx_buffer.c
		_txb_enqueue   		CODE           	10AE	0000	58
		_txb_init      		CODE           	1122	0000	56
		_txb_heartbeat 		CODE           	0D18	0000	136

canlib/util/can_tx_buffer.c estimated size: 250

canlib/util/timing_util.c
		_can_generate_timing_params		CODE           	001E	0000	680

canlib/util/timing_util.c estimated size: 680

pin_interrupt.c
		_pin_interrupt_handler		CODE           	0F3E	0000	92
		_pin_interrupt_init		CODE           	1222	0000	26

pin_interrupt.c estimated size: 118

C:\Program Files\Microchip\xc8\v2.32\pic\sources\c99\common\memcpy.c
		_memcpy        		CODE           	0EE2	0000	92

C:\Program Files\Microchip\xc8\v2.32\pic\sources\c99\common\memcpy.c estimated size: 92

C:\Program Files\Microchip\xc8\v2.32\pic\sources\c99\common\Umul16.c
		___wmul        		CODE           	1188	0000	44

C:\Program Files\Microchip\xc8\v2.32\pic\sources\c99\common\Umul16.c estimated size: 44

adc.c
		_adc_init      		CODE           	115A	0000	46

adc.c estimated size: 46

canlib/util/safe_ring_buffer.c
		_get_offset_bytes		CODE           	0E84	0000	94
		_srb_is_full   		CODE           	0B4A	0000	178
		_srb_is_empty  		CODE           	1038	0000	60
		_srb_init      		CODE           	0C8E	0000	138
		_srb_pop       		CODE           	08BC	0000	232
		_srb_push      		CODE           	09A4	0000	232

canlib/util/safe_ring_buffer.c estimated size: 934

shared
		i2_millis      		CODE           	1264	0000	18
		__initialization		CODE           	1074	0000	48
		i2_memcpy      		CODE           	0F9A	0000	90

shared estimated size: 156

C:\Program Files\Microchip\xc8\v2.32\pic\sources\c99\common\lwdiv.c
		___lwdiv       		CODE           	0DA0	0000	118

C:\Program Files\Microchip\xc8\v2.32\pic\sources\c99\common\lwdiv.c estimated size: 118

canlib/pic18f26k83/pic18f26k83_timer.c
		_millis        		CODE           	1252	0000	18
		_timer0_handle_interrupt		CODE           	11DE	0000	38
		_timer0_init   		CODE           	1204	0000	30

canlib/pic18f26k83/pic18f26k83_timer.c estimated size: 86

canlib/can_common.c
		_get_board_unique_id		CODE           	11B4	0000	42
		_write_timestamp_3bytes		CODE           	10E8	0000	58
		_get_message_type		CODE           	0FF4	0000	68
		_build_radi_info_msg		CODE           	0BFC	0000	146

canlib/can_common.c estimated size: 314

main.c
		_main          		CODE           	049A	0000	406
		_can_msg_handler		CODE           	0A8C	0000	190
		_interrupt_handler		CODE           	0E16	0000	110

main.c estimated size: 706

